# 星级项目
shuzheng/zheng
didispace/SpringBoot-Learning
geek_qi/cloud-platform
stylefeng/guns
log4j/pig
y_project/RuoYi
iBase4J/iBase4J
loolly/hutool
jfinal/jfinal
mingSoft/MCMS
fuyang_lipengjun/platform
thinkgem/jeesite4
JeeHuangBingGui/jeeSpringCloud
renrenio/renren-security
tywo45/t-io
baomidou/mybatis-plus
thinkgem/jeesite
52itstyle/spring-boot-seckill
binary/weixin-java-tools
lemur/easypoi
renrenio/renren-fast
52itstyle/spring-boot-pay
smallc/SpringBlade
kekingcn/file-online-preview
roncoocom/roncoo-pay
xchao/j-im
xuxueli0323/xxl-job
xiandafu/springboot-plus
bweird/lenosp
ld/J2Cache
jmdhappy/xxpay-master
owenwangwen/open-capacity-platform
mail_osc/wangmarket
jeecg/jeecg
javen205/IJPay
xubinux/xbin-store
lcg0124/bootdo
l-weiwei/spiderman
flashsword20/webmagic
eova/eova
jfinal/jfinal-weixin
didispace/SpringCloud-Learning
jishenghua/JSH_ERP
shishuo/CMS
smartboot/smart-socket
fuhai/jpress
linlinjava/litemall
fuhai/jboot
yidao620/springboot-bucket
wangzhixuan/spring-shiro-training
baomidou/SpringWind
aaluoxiang/oa_system
osworks/AOS
yadong.zhang/JustAuth
agile-bpm/agile-bpm-basic
stylefeng/roses
YYDeament/88ybg
CrapApi/CrapApi
free/Mapper
free/Mybatis_PageHelper
mtons/mblog
farsunset/cim
yu120/sequence
tinyframework/tiny
jeecg/jeecg-boot
morning-pro/Morning
jeff1993/springboot-learning-example
rushmore/zbus
renrenio/renren-generator
jamen/slife
egzosn/pay-java-parent
jflyfox/jfinal_cms
bdj/SpringBoot_v2
erzhongxmu/jeewms
macrozheng/mall
1028125449/miaosha
tomsun28/bootshiro
baomidou/kisso
pyinjava/fastweixin
Sharding-Sphere/sharding-sphere
paascloud/paascloud-master
arthas/arthas
qingfengtaizi/wxmp
yadong.zhang/DBlog
vakinge/jeesuite-libs
gz-yami/mall4j
roncoocom/roncoo-education
coodyer/Coody-Framework
l-weiwei/Spiderman2
xtuhcy/gecco
geek_qi/cloud-platform-ui
Exrick/xmall
free/ECharts
elunez/eladmin
itmuch/spring-cloud-book
xiaoym/knife4j
javen205/weixin_guide
biezhi/tale
yu120/neural
zhoujingjie/apiManager
mail_osc/templatespider
hugui/light-task-scheduler
sanluan/PublicCMS
MaxBill/RedisPlus
qiqiim/qiqiim-server
